###############################################################################
#
# IAR ELF Linker V8.11.3.13950/W32 for ARM                04/Jan/2022  15:34:38
# Copyright 2007-2017 IAR Systems AB.
#
#    Output file  =  
#        F:\completedClasses\labs474\Lab4\lab4_6000 -
#        Copy\Debug\Exe\lab4_6000.out
#    Map file     =  
#        F:\completedClasses\labs474\Lab4\lab4_6000 -
#        Copy\Debug\List\lab4_6000.map
#    Command line =  
#        -f C:\Users\ROUEND~1\AppData\Local\Temp\EW4B20.tmp
#        ("F:\completedClasses\labs474\Lab4\lab4_6000 -
#        Copy\Debug\Obj\cstartup_M.o"
#        "F:\completedClasses\labs474\Lab4\lab4_6000 -
#        Copy\Debug\Obj\Lab4_Inits.o"
#        "F:\completedClasses\labs474\Lab4\lab4_6000 - Copy\Debug\Obj\main.o"
#        "F:\completedClasses\labs474\Lab4\lab4_6000 -
#        Copy\Debug\Obj\SSD2119_Display.o"
#        "F:\completedClasses\labs474\Lab4\lab4_6000 -
#        Copy\Debug\Obj\SSD2119_Touch.o" -o
#        "F:\completedClasses\labs474\Lab4\lab4_6000 -
#        Copy\Debug\Exe\lab4_6000.out" --redirect _Printf=_PrintfFullNoMb
#        --redirect _Scanf=_ScanfFullNoMb --map
#        "F:\completedClasses\labs474\Lab4\lab4_6000 -
#        Copy\Debug\List\lab4_6000.map" --config "C:\Program Files (x86)\IAR
#        Systems\Embedded Workbench
#        8.0\arm\config\linker\TexasInstruments\TM4C1294NC.icf" --semihosting
#        --entry __iar_program_start --vfe --text_out locale)
#
###############################################################################

*******************************************************************************
*** RUNTIME MODEL ATTRIBUTES
***

CppFlavor       = *
__SystemLibrary = DLib
__dlib_version  = 6


*******************************************************************************
*** HEAP SELECTION
***

The basic heap was selected because some modules are built with
size limitations (and not runtime checking), and --advanced_heap
was not specified.


*******************************************************************************
*** PLACEMENT SUMMARY
***

"A0":  place at 0x00000000 { ro section .intvec };
"P1":  place in [from 0x00000000 to 0x000fffff] { ro };
define block CSTACK with size = 32K, alignment = 8 { };
define block HEAP with size = 64K, alignment = 8 { };
"P2":  place in [from 0x20000000 to 0x2003ffff] {
          rw, block CSTACK, block HEAP };
initialize by copy { rw };

  Section            Kind        Address    Size  Object
  -------            ----        -------    ----  ------
"A0":                                      0x208
  .intvec            const    0x00000000   0x208  cstartup_M.o [1]
                            - 0x00000208   0x208

"P1":                                     0x1886
  .text              ro code  0x00000208   0xac4  SSD2119_Display.o [1]
  .text              ro code  0x00000ccc   0x3d4  main.o [1]
  .text              ro code  0x000010a0   0x3c4  SSD2119_Touch.o [1]
  .text              ro code  0x00001464   0x2e0  Lab4_Inits.o [1]
  .rodata            const    0x00001744   0x1e0  SSD2119_Display.o [1]
  .text              ro code  0x00001924    0x38  packbits_init_single.o [5]
  .text              ro code  0x0000195c    0x2c  iarttio.o [6]
  .text              ro code  0x00001988     0x8  XShttio.o [3]
  .text              ro code  0x00001990    0x28  data_init.o [5]
  .text              ro code  0x000019b8    0x22  fpinit_M.o [4]
  .iar.init_table    const    0x000019dc    0x10  - Linker created -
  .text              ro code  0x000019ec     0x2  cstartup_M.o [1]
  .rodata            const    0x000019f0    0x20  SSD2119_Display.o [1]
  .text              ro code  0x00001a10    0x1a  cmain.o [5]
  .text              ro code  0x00001a2a     0x4  low_level_init.o [3]
  .text              ro code  0x00001a2e     0x4  exit.o [3]
  .text              ro code  0x00001a32     0x2  cstartup_M.o [1]
  .text              ro code  0x00001a34     0xa  cexit.o [5]
  .text              ro code  0x00001a3e     0x2  cstartup_M.o [1]
  .text              ro code  0x00001a40    0x14  exit.o [6]
  .text              ro code  0x00001a54    0x10  cstartup_M.o [1]
  .rodata            const    0x00001a64     0xc  main.o [1]
  .rodata            const    0x00001a70     0x8  main.o [1]
  .text              ro code  0x00001a78     0x2  cstartup_M.o [1]
  .text              ro code  0x00001a7a     0x2  cstartup_M.o [1]
  .text              ro code  0x00001a7c     0x2  cstartup_M.o [1]
  .text              ro code  0x00001a7e     0x2  cstartup_M.o [1]
  .text              ro code  0x00001a80     0x2  cstartup_M.o [1]
  .text              ro code  0x00001a82     0x2  cstartup_M.o [1]
  .text              ro code  0x00001a84     0x2  cstartup_M.o [1]
  .rodata            const    0x00001a86     0x0  packbits_init_single.o [5]
  Initializer bytes  const    0x00001a86     0x8  <for P2-1>
                            - 0x00001a8e  0x1886

"P2", part 1 of 2:                          0x1d
  P2-1                        0x20000000    0x1d  <Init block>
    .data            inited   0x20000000     0x8  XShttio.o [3]
    .bss             inited   0x20000008     0x4  main.o [1]
    .bss             inited   0x2000000c     0x4  main.o [1]
    .bss             inited   0x20000010     0x4  main.o [1]
    .bss             inited   0x20000014     0x2  SSD2119_Display.o [1]
    .bss             inited   0x20000016     0x2  SSD2119_Display.o [1]
    .bss             inited   0x20000018     0x2  SSD2119_Display.o [1]
    .data            inited   0x2000001a     0x1  main.o [1]
    .bss             inited   0x2000001b     0x1  main.o [1]
    .bss             inited   0x2000001c     0x1  main.o [1]
                            - 0x2000001d    0x1d

"P2", part 2 of 2:                        0x8000
  CSTACK                      0x20000020  0x8000  <Block>
    CSTACK           uninit   0x20000020  0x8000  <Block tail>
                            - 0x20008020  0x8000


*******************************************************************************
*** INIT TABLE
***

          Address     Size
          -------     ----
Copy/packbits (__iar_packbits_init_single3)
    1 source range, total size 0x8 (27% of destination):
          0x00001a86   0x8
    1 destination range, total size 0x1d:
          0x20000000  0x1d



*******************************************************************************
*** MODULE SUMMARY
***

    Module                  ro code  ro data  rw data
    ------                  -------  -------  -------
F:\completedClasses\labs474\Lab4\lab4_6000 - Copy\Debug\Obj: [1]
    Lab4_Inits.o                736
    SSD2119_Display.o         2 756      514        6
    SSD2119_Touch.o             964
    cstartup_M.o                 36      520
    main.o                      980       24       15
    -------------------------------------------------
    Total:                    5 472    1 058       21

command line: [2]
    -------------------------------------------------
    Total:

dl7M_tln.a: [3]
    XShttio.o                     8        2        8
    exit.o                        4
    low_level_init.o              4
    -------------------------------------------------
    Total:                       16        2        8

m7M_tls.a: [4]
    fpinit_M.o                   34
    -------------------------------------------------
    Total:                       34

rt7M_tl.a: [5]
    cexit.o                      10
    cmain.o                      26
    data_init.o                  40
    packbits_init_single.o       56
    -------------------------------------------------
    Total:                      132

shb_l.a: [6]
    exit.o                       20
    iarttio.o                    44
    -------------------------------------------------
    Total:                       64

    Gaps                                   4
    Linker created                        16   32 768
-----------------------------------------------------
    Grand Total:              5 718    1 080   32 797


*******************************************************************************
*** ENTRY LIST
***

Entry                      Address   Size  Type      Object
-----                      -------   ----  ----      ------
.iar.init_table$$Base   0x000019dc          --   Gb  - Linker created -
.iar.init_table$$Limit  0x000019ec          --   Gb  - Linker created -
?main                   0x00001a11         Code  Gb  cmain.o [5]
ADC_Init                0x0000110f   0x96  Code  Lc  SSD2119_Touch.o [1]
ADC_Read                0x000011a5   0x1e  Code  Lc  SSD2119_Touch.o [1]
ADC_SetChannel          0x000011c3   0x32  Code  Lc  SSD2119_Touch.o [1]
ASCII                   0x00001744  0x1e0  Data  Lc  SSD2119_Display.o [1]
CSTACK$$Base            0x20000020          --   Gb  - Linker created -
CSTACK$$Limit           0x20008020          --   Gb  - Linker created -
Color4                  0x000019f0   0x20  Data  Gb  SSD2119_Display.o [1]
LCD_ColorFill           0x0000097f   0x16  Code  Gb  SSD2119_Display.o [1]
LCD_DrawFilledCircle    0x00000bb5  0x104  Code  Gb  SSD2119_Display.o [1]
LCD_DrawFilledRect      0x00000b55   0x60  Code  Gb  SSD2119_Display.o [1]
LCD_DrawPixel           0x00000b21   0x34  Code  Gb  SSD2119_Display.o [1]
LCD_GPIOInit            0x00000209  0x2bc  Code  Lc  SSD2119_Display.o [1]
LCD_Init                0x000007bd  0x1a2  Code  Gb  SSD2119_Display.o [1]
LCD_PrintChar           0x00000995   0xd0  Code  Gb  SSD2119_Display.o [1]
LCD_PrintString         0x00000a65   0x1c  Code  Gb  SSD2119_Display.o [1]
LCD_SetCursor           0x00000a81    0xe  Code  Gb  SSD2119_Display.o [1]
LCD_SetTextColor        0x00000a8f   0x14  Code  Gb  SSD2119_Display.o [1]
LCD_WriteCommand        0x000004c5  0x15a  Code  Lc  SSD2119_Display.o [1]
LCD_WriteData           0x0000061f  0x19e  Code  Lc  SSD2119_Display.o [1]
PLL_Init                0x00001465  0x1b6  Code  Gb  Lab4_Inits.o [1]
Region$$Table$$Base     0x000019dc          --   Gb  - Linker created -
Region$$Table$$Limit    0x000019ec          --   Gb  - Linker created -
TL_State                0x2000001b    0x1  Data  Gb  main.o [1]
Timer0A_Handler         0x0000104f   0x20  Code  Gb  main.o [1]
Touch_Init              0x000010a1   0x6e  Code  Gb  SSD2119_Touch.o [1]
Touch_ReadX             0x000012eb   0xf6  Code  Gb  SSD2119_Touch.o [1]
Touch_ReadY             0x000011f5   0xf6  Code  Gb  SSD2119_Touch.o [1]
__cmain                 0x00001a11         Code  Gb  cmain.o [5]
__exit                  0x00001a41   0x14  Code  Gb  exit.o [6]
__iar_close_ttio        0x0000195d   0x2c  Code  Gb  iarttio.o [6]
__iar_data_init3        0x00001991   0x28  Code  Gb  data_init.o [5]
__iar_init_vfp          0x000019b9         Code  Gb  fpinit_M.o [4]
__iar_lookup_ttioh      0x00001989    0x8  Code  Gb  XShttio.o [3]
__iar_packbits_init_single3
                        0x00001925   0x38  Code  Gb  packbits_init_single.o [5]
__iar_program_start     0x00001a55   0x10  Code  Gb  cstartup_M.o [1]
__iar_systems$$module {Abs}
                        0x00000001         Data  Gb  command line/config [2]
__iar_ttio_handles      0x20000000    0x8  Data  Lc  XShttio.o [3]
__low_level_init        0x00001a2b    0x4  Code  Gb  low_level_init.o [3]
__vector_table          0x00000000  0x208  Data  Gb  cstartup_M.o [1]
_call_main              0x00001a1d         Code  Gb  cmain.o [5]
_exit                   0x00001a35         Code  Gb  cexit.o [5]
_main                   0x00001a27         Code  Gb  cmain.o [5]
convertColor            0x0000095f   0x20  Code  Gb  SSD2119_Display.o [1]
cursorX                 0x20000014    0x2  Data  Gb  SSD2119_Display.o [1]
cursorY                 0x20000016    0x2  Data  Gb  SSD2119_Display.o [1]
enable                  0x20000010    0x4  Data  Gb  main.o [1]
enableRecieved          0x2000000c    0x4  Data  Gb  main.o [1]
exit                    0x00001a2f    0x4  Code  Gb  exit.o [3]
interrupt_setup         0x0000161b   0x26  Code  Gb  Lab4_Inits.o [1]
isEnableRecieved        0x00000d49   0x70  Code  Gb  main.o [1]
isPedestrianRecieved    0x00000db9   0x64  Code  Gb  main.o [1]
main                    0x00000ccd   0x6a  Code  Gb  main.o [1]
myPRESET                0x2000001a    0x1  Data  Gb  main.o [1]
onButton                0x00000e1d   0xbc  Code  Gb  main.o [1]
onButton_State          0x2000001c    0x1  Data  Gb  main.o [1]
pedestrianRecieved      0x20000008    0x4  Data  Gb  main.o [1]
pollTimer1              0x00000d37   0x12  Code  Gb  main.o [1]
textColor               0x20000018    0x2  Data  Gb  SSD2119_Display.o [1]
timer_setup             0x00001643   0x9e  Code  Gb  Lab4_Inits.o [1]
trafficLight            0x00000ed9  0x176  Code  Gb  main.o [1]


[1] = F:\completedClasses\labs474\Lab4\lab4_6000 - Copy\Debug\Obj
[2] = command line
[3] = dl7M_tln.a
[4] = m7M_tls.a
[5] = rt7M_tl.a
[6] = shb_l.a

   5 718 bytes of readonly  code memory
   1 080 bytes of readonly  data memory
  32 797 bytes of readwrite data memory

Errors: none
Warnings: none
